// Jest Snapshot v1, https://goo.gl/fbAQLP

exports[`Portfolio renders correctly 1`] = `
<section
  id="portfolio"
>
  <div
    className="Portfolio"
  >
    <h2
      className="Protfolio_title"
      data-testid="title"
    >
      MON PORTFOLIO
    </h2>
    <div
      className="Portfolio_separator"
      data-testid="separator"
    />
    <ul
      className="Portfolio_btn"
    >
      <li
        className="selected"
        data-testid="all"
        onClick={[Function]}
      >
        ALL
      </li>
      <li
        className="notSelected"
        data-testid="front"
        onClick={[Function]}
      >
        FRONT END
      </li>
      <li
        className="notSelected"
        data-testid="full"
        onClick={[Function]}
      >
        FULL STACK
      </li>
      <li
        className="notSelected"
        data-testid="mobile"
        onClick={[Function]}
      >
        MOBILE
      </li>
    </ul>
    <div
      className="Portfolio_items"
    >
      <div
        className="Portfolio_items-elt visible"
        data-testid="portfolio"
      >
        <div
          className="Portfolio_items-content"
        >
          <h3>
            Netflix Clone
          </h3>
          <a
            data-testid="link"
            href="https://clone-guillaumedavid.herokuapp.com/"
            target="_blank"
          >
            Link
          </a>
        </div>
      </div>
      <div
        className="Portfolio_items-elt visible"
        data-testid="portfolio"
      >
        <div
          className="Portfolio_items-content"
        >
          <h3>
            Jeu de Dame
          </h3>
          <a
            data-testid="link"
            href="https://guillaumedaviid.github.io/Checkers-Game/"
            target="_blank"
          >
            Link
          </a>
        </div>
      </div>
      <div
        className="Portfolio_items-elt visible"
        data-testid="portfolio"
      >
        <div
          className="Portfolio_items-content"
        >
          <h3>
            01 ACADEMIE
          </h3>
          <a
            data-testid="link"
            href="https://github.com/GuillaumeDaviid/01-Academie-Version-React"
            target="_blank"
          >
            Link
          </a>
        </div>
      </div>
      <div
        className="Portfolio_items-elt visible"
        data-testid="portfolio"
      >
        <div
          className="Portfolio_items-content"
        >
          <h3>
            01 ACADEMIE
          </h3>
          <a
            data-testid="link"
            href="https://github.com/GuillaumeDaviid/01-Academie-Version-React"
            target="_blank"
          >
            Link
          </a>
        </div>
      </div>
      <div
        className="Portfolio_items-elt visible"
        data-testid="portfolio"
      >
        <div
          className="Portfolio_items-content"
        >
          <h3>
            01 ACADEMIE
          </h3>
          <a
            data-testid="link"
            href="https://github.com/GuillaumeDaviid/01-Academie-Version-React"
            target="_blank"
          >
            Link
          </a>
        </div>
      </div>
      <div
        className="Portfolio_items-elt visible"
        data-testid="portfolio"
      >
        <div
          className="Portfolio_items-content"
        >
          <h3>
            Commercia
          </h3>
          <a
            data-testid="link"
            href="https://commercia.vercel.app/"
            target="_blank"
          >
            Link
          </a>
        </div>
      </div>
      <div
        className="Portfolio_items-elt visible"
        data-testid="portfolio"
      >
        <div
          className="Portfolio_items-content"
        >
          <h3>
            Leagora
          </h3>
          <a
            data-testid="link"
            href="https://visio.leagora.fr/"
            target="_blank"
          >
            Link
          </a>
        </div>
      </div>
    </div>
    <a
      className="btn_link"
      href="/portfolio"
    >
      <button
        className="btn btn_contact"
      >
        En voir plus
      </button>
    </a>
  </div>
</section>
`;
